
[1m[46m RUN [49m[22m [36mv4.1.0 [39m[90mC:/Users/mobed/Desktop/Machine Learning From Scratch[39m

 [32mΓ£ô[39m src/components/__tests__/ParameterControls.test.tsx[2m > [22mParameterControls[2m > [22mrenders parameter sliders based on algorithm[32m 37[2mms[22m[39m
 [32mΓ£ô[39m src/components/__tests__/ParameterControls.test.tsx[2m > [22mParameterControls[2m > [22mrenders SVM-specific parameter when algorithm is svm[32m 10[2mms[22m[39m
 [31m├ù[39m src/components/__tests__/ParameterControls.test.tsx[2m > [22mParameterControls[2m > [22mdisplays current parameter values[32m 12[2mms[22m[39m
[31m   ΓåÆ Unable to find an element with the text: 0.010. This could be because the text is broken up by multiple elements. In this case, you can provide a function for your text matcher to make your matcher more flexible.

Ignored nodes: comments, script, style
[36m<body>[31m
  [36m<div>[31m
    [36m<div[31m
      [33maria-labelledby[31m=[32m"parameter-controls-heading"[31m
      [33mclass[31m=[32m"space-y-4 p-4 bg-white rounded-lg shadow-sm border border-gray-200"[31m
      [33mrole[31m=[32m"group"[31m
    [36m>[31m
      [36m<h3[31m
        [33mclass[31m=[32m"text-sm font-semibold text-gray-700 uppercase tracking-wide"[31m
        [33mid[31m=[32m"parameter-controls-heading"[31m
      [36m>[31m
        [0mParameters[0m
      [36m</h3>[31m
      [36m<div[31m
        [33mclass[31m=[32m"space-y-2"[31m
      [36m>[31m
        [36m<div[31m
          [33mclass[31m=[32m"flex justify-between items-center"[31m
        [36m>[31m
          [36m<label[31m
            [33mclass[31m=[32m"text-sm font-medium text-gray-600"[31m
            [33mfor[31m=[32m"param-lr"[31m
          [36m>[31m
            [0mLearning Rate[0m
          [36m</label>[31m
          [36m<span[31m
            [33maria-atomic[31m=[32m"true"[31m
            [33maria-live[31m=[32m"polite"[31m
            [33mclass[31m=[32m"text-sm font-mono text-gray-900 bg-gray-100 px-2 py-1 rounded"[31m
          [36m>[31m
            [0m0.01[0m
          [36m</span>[31m
        [36m</div>[31m
        [36m<input[31m
          [33maria-label[31m=[32m"Learning Rate: 0.01"[31m
          [33maria-valuemax[31m=[32m"2.5"[31m
          [33maria-valuemin[31m=[32m"0.01"[31m
          [33maria-valuenow[31m=[32m"0.01"[31m
          [33maria-valuetext[31m=[32m"0.01"[31m
          [33mclass[31m=[32m"w-full h-2 bg-gray-200 rounded-lg appearance-none cursor-pointer accent-indigo-600"[31m
          [33mid[31m=[32m"param-lr"[31m
          [33mmax[31m=[32m"2.5"[31m
          [33mmin[31m=[32m"0.01"[31m
          [33mstep[31m=[32m"0.01"[31m
          [33mtype[31m=[32m"range"[31m
          [33mvalue[31m=[32m"0.01"[31m
        [36m/>[31m
      [36m</div>[31m
      [36m<div[31m
        [33mclass[31m=[32m"space-y-2"[31m
      [36m>[31m
        [36m<div[31m
          [33mclass[31m=[32m"flex justify-between items-center"[31m
        [36m>[31m
          [36m<label[31m
            [33mclass[31m=[32m"text-sm font-medium text-gray-600"[31m
            [33mfor[31m=[32m"param-nIter"[31m
          [36m>[31m
            [0mMax Iterations[0m
          [36m</label>[31m
          [36m<span[31m
            [33maria-atomic[31m=[32m"true"[31m
            [33maria-live[31m=[32m"polite"[31m
            [33mclass[31m=[32m"text-sm font-mono text-gray-900 bg-gray-100 px-2 py-1 rounded"[31m
          [36m>[31m
            [0m100[0m
          [36m</span>[31m
        [36m</div>[31m
        [36m<input[31m
          [33maria-label[31m=[32m"Max Iterations: 100"[31m
          [33maria-valuemax[31m=[32m"500"[31m
          [33maria-valuemin[31m=[32m"10"[31m
          [33maria-valuenow[31m=[32m"100"[31m
          [33maria-valuetext[31m=[32m"100"[31m
          [33mclass[31m=[32m"w-full h-2 bg-gray-200 rounded-lg appearance-none cursor-pointer accent-indigo-600"[31m
          [33mid[31m=[32m"param-nIter"[31m
          [33mmax[31m=[32m"500"[31m
          [33mmin[31m=[32m"10"[31m
          [33mstep[31m=[32m"10"[31m
          [33mtype[31m=[32m"range"[31m
          [33mvalue[31m=[32m"100"[31m
        [36m/>[31m
      [36m</div>[31m
    [36m</div>[31m
  [36m</div>[31m
[36m</body>[31m[39m
 [32mΓ£ô[39m src/components/__tests__/ParameterControls.test.tsx[2m > [22mParameterControls[2m > [22mtriggers param update when learning rate slider changes[32m 11[2mms[22m[39m
 [32mΓ£ô[39m src/components/__tests__/ParameterControls.test.tsx[2m > [22mParameterControls[2m > [22mtriggers param update when iteration slider changes[32m 7[2mms[22m[39m
 [32mΓ£ô[39m src/components/__tests__/ParameterControls.test.tsx[2m > [22mParameterControls[2m > [22mtriggers param update when SVM C parameter changes[32m 5[2mms[22m[39m
 [32mΓ£ô[39m src/components/__tests__/ParameterControls.test.tsx[2m > [22mParameterControls[2m > [22mdebounces rapid slider changes[32m 6[2mms[22m[39m
 [31m├ù[39m src/components/__tests__/ParameterControls.test.tsx[2m > [22mParameterControls[2m > [22mupdates local state immediately for responsive UI[32m 6[2mms[22m[39m
[31m   ΓåÆ Unable to find an element with the text: 0.050. This could be because the text is broken up by multiple elements. In this case, you can provide a function for your text matcher to make your matcher more flexible.

Ignored nodes: comments, script, style
[36m<body>[31m
  [36m<div>[31m
    [36m<div[31m
      [33maria-labelledby[31m=[32m"parameter-controls-heading"[31m
      [33mclass[31m=[32m"space-y-4 p-4 bg-white rounded-lg shadow-sm border border-gray-200"[31m
      [33mrole[31m=[32m"group"[31m
    [36m>[31m
      [36m<h3[31m
        [33mclass[31m=[32m"text-sm font-semibold text-gray-700 uppercase tracking-wide"[31m
        [33mid[31m=[32m"parameter-controls-heading"[31m
      [36m>[31m
        [0mParameters[0m
      [36m</h3>[31m
      [36m<div[31m
        [33mclass[31m=[32m"space-y-2"[31m
      [36m>[31m
        [36m<div[31m
          [33mclass[31m=[32m"flex justify-between items-center"[31m
        [36m>[31m
          [36m<label[31m
            [33mclass[31m=[32m"text-sm font-medium text-gray-600"[31m
            [33mfor[31m=[32m"param-lr"[31m
          [36m>[31m
            [0mLearning Rate[0m
          [36m</label>[31m
          [36m<span[31m
            [33maria-atomic[31m=[32m"true"[31m
            [33maria-live[31m=[32m"polite"[31m
            [33mclass[31m=[32m"text-sm font-mono text-gray-900 bg-gray-100 px-2 py-1 rounded"[31m
          [36m>[31m
            [0m0.05[0m
          [36m</span>[31m
        [36m</div>[31m
        [36m<input[31m
          [33maria-label[31m=[32m"Learning Rate: 0.05"[31m
          [33maria-valuemax[31m=[32m"2.5"[31m
          [33maria-valuemin[31m=[32m"0.01"[31m
          [33maria-valuenow[31m=[32m"0.05"[31m
          [33maria-valuetext[31m=[32m"0.05"[31m
          [33mclass[31m=[32m"w-full h-2 bg-gray-200 rounded-lg appearance-none cursor-pointer accent-indigo-600"[31m
          [33mid[31m=[32m"param-lr"[31m
          [33mmax[31m=[32m"2.5"[31m
          [33mmin[31m=[32m"0.01"[31m
          [33mstep[31m=[32m"0.01"[31m
          [33mtype[31m=[32m"range"[31m
          [33mvalue[31m=[32m"0.05"[31m
        [36m/>[31m
      [36m</div>[31m
      [36m<div[31m
        [33mclass[31m=[32m"space-y-2"[31m
      [36m>[31m
        [36m<div[31m
          [33mclass[31m=[32m"flex justify-between items-center"[31m
        [36m>[31m
          [36m<label[31m
            [33mclass[31m=[32m"text-sm font-medium text-gray-600"[31m
            [33mfor[31m=[32m"param-nIter"[31m
          [36m>[31m
            [0mMax Iterations[0m
          [36m</label>[31m
          [36m<span[31m
            [33maria-atomic[31m=[32m"true"[31m
            [33maria-live[31m=[32m"polite"[31m
            [33mclass[31m=[32m"text-sm font-mono text-gray-900 bg-gray-100 px-2 py-1 rounded"[31m
          [36m>[31m
            [0m100[0m
          [36m</span>[31m
        [36m</div>[31m
        [36m<input[31m
          [33maria-label[31m=[32m"Max Iterations: 100"[31m
          [33maria-valuemax[31m=[32m"500"[31m
          [33maria-valuemin[31m=[32m"10"[31m
          [33maria-valuenow[31m=[32m"100"[31m
          [33maria-valuetext[31m=[32m"100"[31m
          [33mclass[31m=[32m"w-full h-2 bg-gray-200 rounded-lg appearance-none cursor-pointer accent-indigo-600"[31m
          [33mid[31m=[32m"param-nIter"[31m
          [33mmax[31m=[32m"500"[31m
          [33mmin[31m=[32m"10"[31m
          [33mstep[31m=[32m"10"[31m
          [33mtype[31m=[32m"range"[31m
          [33mvalue[31m=[32m"100"[31m
        [36m/>[31m
      [36m</div>[31m
    [36m</div>[31m
  [36m</div>[31m
[36m</body>[31m[39m
 [32mΓ£ô[39m src/components/__tests__/ParameterControls.test.tsx[2m > [22mParameterControls[2m > [22mcalls onPause when slider changes during active training[32m 4[2mms[22m[39m
 [32mΓ£ô[39m src/components/__tests__/ParameterControls.test.tsx[2m > [22mParameterControls[2m > [22mdoes not call onPause when slider changes while not playing[32m 5[2mms[22m[39m
 [32mΓ£ô[39m src/components/__tests__/ParameterControls.test.tsx[2m > [22mParameterControls[2m > [22mdoes not call onPause if onPause callback is not provided[32m 5[2mms[22m[39m
 [32mΓ£ô[39m src/components/__tests__/ParameterControls.test.tsx[2m > [22mParameterControls[2m > [22mcleans up debounce timer on unmount[32m 4[2mms[22m[39m

[2m Test Files [22m [1m[31m1 failed[39m[22m[90m (1)[39m
[2m      Tests [22m [1m[31m2 failed[39m[22m[2m | [22m[1m[32m10 passed[39m[22m[90m (12)[39m
[2m   Start at [22m 22:50:55
[2m   Duration [22m 2.28s[2m (transform 94ms, setup 360ms, import 117ms, tests 116ms, environment 1.49s)[22m

